[bootstrapdocs.com/v3.0.3/docs/index.html]
[bootstrapdocs.com/shared/bootstrapdocs.css]
[backblue.gif]
[fade.gif]
[index.html]
[bootstrapdocs.com/v3.0.3/docs/dist/css/bootstrap.min.css]
[bootstrapdocs.com/v3.0.3/docs/docs-assets/css/docs.css]
[bootstrapdocs.com/v3.0.3/docs/docs-assets/css/pygments-manni.css]
[bootstrapdocs.com/v3.0.3/docs/docs-assets/ico/apple-touch-icon-144-precomposed.png]
[bootstrapdocs.com/v3.0.3/docs/docs-assets/ico/favicon.png]
[bootstrapdocs.com/v3.0.3/docs/getting-started/index.html]
[bootstrapdocs.com/v3.0.3/docs/css/index.html]
[bootstrapdocs.com/v3.0.3/docs/components/index.html]
[bootstrapdocs.com/v3.0.3/docs/javascript/index.html]
[bootstrapdocs.com/v3.0.3/docs/customize/index.html]
[bootstrapdocs.com/v3.0.3/docs/about/index.html]
[ajax.googleapis.com/ajax/libs/jquery/1.10.2/jquery.min.js]
[bootstrapdocs.com/v3.0.3/docs/dist/js/bootstrap.js]
[bootstrapdocs.com/v3.0.3/docs/docs-assets/js/holder.js]
[bootstrapdocs.com/v3.0.3/docs/docs-assets/js/application.js]
[bootstrapdocs.com/v3.0.3/docs/index.html]
[platform.twitter.com/widgets.js]
[bootstrapdocs.com/shared/caret.png]
[bootstrapdocs.com/shared/bootstrapdocs.css]
[bootstrapdocs.com/v3.0.3/docs/dist/fonts/glyphicons-halflings-regular.eot]
[bootstrapdocs.com/v3.0.3/docs/dist/fonts/glyphicons-halflings-regular.woff]
[bootstrapdocs.com/v3.0.3/docs/dist/fonts/glyphicons-halflings-regular.svg]
[bootstrapdocs.com/v3.0.3/docs/dist/css/bootstrap.min.css]
[bootstrapdocs.com/v3.0.3/docs/docs-assets/css/docs.css]
[bootstrapdocs.com/v3.0.3/docs/docs-assets/css/pygments-manni.css]
[bootstrapdocs.com/v3.0.3/docs/dist/fonts/glyphicons-halflings-regulard41d.eot]
[bootstrapdocs.com/v3.0.3/docs/examples/screenshots/starter-template.jpg]
[bootstrapdocs.com/v3.0.3/docs/examples/starter-template/index.html]
[bootstrapdocs.com/v3.0.3/docs/dist/fonts/glyphicons-halflings-regular.ttf]
[bootstrapdocs.com/v3.0.3/docs/examples/screenshots/grid.jpg]
[bootstrapdocs.com/v3.0.3/docs/examples/grid/index.html]
[bootstrapdocs.com/v3.0.3/docs/examples/screenshots/jumbotron.jpg]
[bootstrapdocs.com/v3.0.3/docs/examples/jumbotron/index.html]
[bootstrapdocs.com/v3.0.3/docs/examples/screenshots/jumbotron-narrow.jpg]
[bootstrapdocs.com/v3.0.3/docs/examples/jumbotron-narrow/index.html]
[bootstrapdocs.com/v3.0.3/docs/examples/screenshots/navbar.jpg]
[bootstrapdocs.com/v3.0.3/docs/examples/navbar/index.html]
[bootstrapdocs.com/v3.0.3/docs/examples/screenshots/navbar-static.jpg]
[bootstrapdocs.com/v3.0.3/docs/examples/navbar-static-top/index.html]
[bootstrapdocs.com/v3.0.3/docs/examples/screenshots/navbar-fixed.jpg]
[bootstrapdocs.com/v3.0.3/docs/examples/navbar-fixed-top/index.html]
[bootstrapdocs.com/v3.0.3/docs/examples/screenshots/sign-in.jpg]
[bootstrapdocs.com/v3.0.3/docs/examples/screenshots/sticky-footer.jpg]
[bootstrapdocs.com/v3.0.3/docs/examples/signin/index.html]
[bootstrapdocs.com/v3.0.3/docs/examples/sticky-footer/index.html]
[bootstrapdocs.com/v3.0.3/docs/examples/screenshots/sticky-footer-navbar.jpg]
[bootstrapdocs.com/v3.0.3/docs/examples/sticky-footer-navbar/index.html]
[bootstrapdocs.com/v3.0.3/docs/examples/screenshots/justified-nav.jpg]
[bootstrapdocs.com/v3.0.3/docs/examples/justified-nav/index.html]
[bootstrapdocs.com/v3.0.3/docs/examples/screenshots/offcanvas.jpg]
[bootstrapdocs.com/v3.0.3/docs/examples/offcanvas/index.html]
[bootstrapdocs.com/v3.0.3/docs/examples/screenshots/carousel.jpg]
[bootstrapdocs.com/v3.0.3/docs/examples/carousel/index.html]
[bootstrapdocs.com/v3.0.3/docs/examples/screenshots/non-responsive.jpg]
[bootstrapdocs.com/v3.0.3/docs/examples/non-responsive/index.html]
[bootstrapdocs.com/v3.0.3/docs/examples/screenshots/theme.jpg]
[bootstrapdocs.com/v3.0.3/docs/getting-started/index.html]
[bootstrapdocs.com/v3.0.3/docs/examples/theme/index.html]
[bootstrapdocs.com/v3.0.3/docs/css/index.html]
[bootstrapdocs.com/v3.0.3/docs/components/index.html]
[bootstrapdocs.com/cdn-cgi/scripts/5c5dd728/cloudflare-static/email-decode.min.js]
[bootstrapdocs.com/v3.0.3/docs/javascript/index.html]
[bootstrapdocs.com/v3.0.3/docs/docs-assets/js/less.js]
[bootstrapdocs.com/v3.0.3/docs/docs-assets/js/jszip.js]
[bootstrapdocs.com/v3.0.3/docs/docs-assets/js/filesaver.js]
[bootstrapdocs.com/v3.0.3/docs/customize/index.html]
[bootstrapdocs.com/v3.0.3/docs/docs-assets/js/uglify.js]
[bootstrapdocs.com/v3.0.3/docs/about/index.html]
[bootstrapdocs.com/v3.0.3/docs/dist/fonts/glyphicons-halflings-regular.svg]
[bootstrapdocs.com/v3.0.3/docs/docs-assets/js/customizer.js]
[bootstrapdocs.com/v3.0.3/docs/dist/css/bootstrap.css]
[bootstrapdocs.com/v3.0.3/docs/examples/starter-template/starter-template.css]
[bootstrapdocs.com/v3.0.3/docs/examples/starter-template/index.html]
[bootstrapdocs.com/v3.0.3/docs/examples/grid/grid.css]
[bootstrapdocs.com/v3.0.3/docs/examples/grid/index.html]
[bootstrapdocs.com/v3.0.3/docs/dist/js/bootstrap.min.js]
[bootstrapdocs.com/v3.0.3/docs/examples/jumbotron/index.html]
[bootstrapdocs.com/v3.0.3/docs/examples/jumbotron/jumbotron.css]
[bootstrapdocs.com/v3.0.3/docs/examples/jumbotron-narrow/jumbotron-narrow.css]
[bootstrapdocs.com/v3.0.3/docs/examples/jumbotron-narrow/index.html]
[bootstrapdocs.com/v3.0.3/docs/examples/navbar/index.html]
[bootstrapdocs.com/v3.0.3/docs/examples/navbar/navbar.css]
[bootstrapdocs.com/v3.0.3/docs/examples/navbar-static-top/index.html]
[bootstrapdocs.com/v3.0.3/docs/examples/navbar-static-top/navbar-static-top.css]
[bootstrapdocs.com/v3.0.3/docs/examples/navbar-fixed-top/index.html]
[code.jquery.com/jquery-1.10.2.min.js]
[bootstrapdocs.com/v3.0.3/docs/examples/navbar-fixed-top/navbar-fixed-top.css]
[bootstrapdocs.com/v3.0.3/docs/examples/signin/signin.css]
[bootstrapdocs.com/v3.0.3/docs/examples/signin/index.html]
[bootstrapdocs.com/v3.0.3/docs/examples/sticky-footer/sticky-footer.css]
[bootstrapdocs.com/v3.0.3/docs/examples/sticky-footer/index.html]
[bootstrapdocs.com/v3.0.3/docs/examples/sticky-footer-navbar/sticky-footer-navbar.css]
[bootstrapdocs.com/v3.0.3/docs/examples/sticky-footer-navbar/index.html]
[bootstrapdocs.com/v3.0.3/docs/examples/justified-nav/justified-nav.css]
[bootstrapdocs.com/v3.0.3/docs/examples/justified-nav/index.html]
[bootstrapdocs.com/v3.0.3/docs/examples/offcanvas/offcanvas.css]
[bootstrapdocs.com/v3.0.3/docs/docs-assets/js/raw-files.js]
[bootstrapdocs.com/v3.0.3/docs/examples/offcanvas/index.html]
[bootstrapdocs.com/v3.0.3/docs/examples/offcanvas/offcanvas.js]
[bootstrapdocs.com/v3.0.3/docs/examples/carousel/carousel.css]
[bootstrapdocs.com/v3.0.3/docs/examples/carousel/index.html]
[bootstrapdocs.com/v3.0.3/docs/examples/non-responsive/non-responsive.css]
[bootstrapdocs.com/v3.0.3/docs/examples/non-responsive/index.html]
[bootstrapdocs.com/v3.0.3/docs/dist/css/bootstrap-theme.min.css]
[bootstrapdocs.com/v3.0.3/docs/examples/theme/index.html]
[bootstrapdocs.com/v3.0.3/docs/dist/css/bootstrap.css]
[bootstrapdocs.com/v3.0.3/docs/examples/starter-template/starter-template.css]
[bootstrapdocs.com/v3.0.3/docs/examples/grid/grid.css]
[bootstrapdocs.com/v3.0.3/docs/examples/jumbotron/jumbotron.css]
[bootstrapdocs.com/v3.0.3/docs/examples/jumbotron-narrow/jumbotron-narrow.css]
[bootstrapdocs.com/v3.0.3/docs/examples/navbar/navbar.css]
[bootstrapdocs.com/v3.0.3/docs/examples/navbar-static-top/navbar-static-top.css]
[bootstrapdocs.com/v3.0.3/docs/examples/navbar-fixed-top/navbar-fixed-top.css]
[bootstrapdocs.com/v3.0.3/docs/examples/signin/signin.css]
[bootstrapdocs.com/v3.0.3/docs/examples/sticky-footer/sticky-footer.css]
[bootstrapdocs.com/v3.0.3/docs/examples/sticky-footer-navbar/sticky-footer-navbar.css]
[bootstrapdocs.com/v3.0.3/docs/examples/justified-nav/justified-nav.css]
[bootstrapdocs.com/v3.0.3/docs/examples/offcanvas/offcanvas.css]
[bootstrapdocs.com/v3.0.3/docs/examples/carousel/carousel.css]
[bootstrapdocs.com/v3.0.3/docs/examples/non-responsive/non-responsive.css]
[bootstrapdocs.com/v3.0.3/docs/dist/css/bootstrap-theme.min.css]
[bootstrapdocs.com/v3.0.3/docs/examples/theme/theme.css]
[bootstrapdocs.com/v3.0.3/docs/examples/theme/theme.css]
